Compiling 1 files with Solc 0.8.30
Solc 0.8.30 finished in 893.20ms
Compiler run successful!

Ran 2 tests for test/WhaleAlertTrap.t.sol:WhaleAlertTrapTest
[PASS] testCollect() (gas: 26677)
[PASS] testShouldRespond() (gas: 13886)
Suite result: ok. 2 passed; 0 failed; 0 skipped; finished in 1.78ms (976.44µs CPU time)

Ran 1 test suite in 12.83ms (1.78ms CPU time): 2 tests passed, 0 failed, 0 skipped (2 total tests)
